
> atividade-extensionista@1.0.0 build
> next build

Ôû▓ Next.js 16.2.1 (Turbopack)

  Creating an optimized production build ...
Ô£ô Compiled successfully in 1064ms
  Running TypeScript ...
  Finished TypeScript in 1206ms ...
  Collecting page data using 11 workers ...
  Generating static pages using 11 workers (0/8) ...
  Generating static pages using 11 workers (2/8) 
  Generating static pages using 11 workers (4/8) 
  Generating static pages using 11 workers (6/8) 
Ô£ô Generating static pages using 11 workers (8/8) in 423ms
  Finalizing page optimization ...

Route (app)
Ôöî Ôùï /
Ôö£ Ôùï /_not-found
Ôö£ ãÆ /category/[slug]
Ôö£ ãÆ /guias/[id]
Ôö£ Ôùï /reliability
Ôö£ Ôùï /simulador
Ôö£ Ôùï /sobre
Ôöö Ôùï /suporte


Ôùï  (Static)   prerendered as static content
ãÆ  (Dynamic)  server-rendered on demand

